+ curl -L -o app/app.tar.gz https://expo.dev/artifacts/eas/HMn1xcfvHzqWngpy5WZOm1j8U_mmce_-SnwVE1zk1u8.tar.gz
  % Total    % Received % Xferd  Average Speed   Time    Time     Time  Current
                                 Dload  Upload   Total   Spent    Left  Speed
  0     0    0     0    0     0      0      0 --:--:-- --:--:-- --:--:--     0100    81    0    81    0     0    565      0 --:--:-- --:--:-- --:--:--   566
100   624  100   624    0     0   2456      0 --:--:-- --:--:-- --:--:--  2456
  0 24.5M    0 71923    0     0   155k      0  0:02:41 --:--:--  0:02:41  155k100 24.5M  100 24.5M    0     0  31.3M      0 --:--:-- --:--:-- --:--:-- 73.5M
+ tar -xzf app/app.tar.gz -C app
++ find app -maxdepth 3 -name '*.app' -type d
++ head -1
+ APP=app/Vela.app
+ test -n app/Vela.app
++ xcrun simctl list devices available
++ grep -i 'iPhone 15 Pro Max'
++ head -1
+ LINE='    iPhone 15 Pro Max (087AF5AE-046A-47BC-9A3A-3939EE1FE321) (Shutdown) '
+ '[' -z '    iPhone 15 Pro Max (087AF5AE-046A-47BC-9A3A-3939EE1FE321) (Shutdown) ' ']'
++ echo '    iPhone 15 Pro Max (087AF5AE-046A-47BC-9A3A-3939EE1FE321) (Shutdown) '
++ grep -oiE '[0-9A-F]{8}-[0-9A-F]{4}-[0-9A-F]{4}-[0-9A-F]{4}-[0-9A-F]{12}'
+ UDID=087AF5AE-046A-47BC-9A3A-3939EE1FE321
+ test -n 087AF5AE-046A-47BC-9A3A-3939EE1FE321
+ xcrun simctl boot 087AF5AE-046A-47BC-9A3A-3939EE1FE321
+ xcrun simctl bootstatus 087AF5AE-046A-47BC-9A3A-3939EE1FE321 -b
Monitoring boot status for iPhone 15 Pro Max (087AF5AE-046A-47BC-9A3A-3939EE1FE321).
[2026-08-02 23:18:07 +0000] Status=2, isTerminal=NO, Elapsed=00:14.
	Waiting on Data Migration
		Reason:Running plugin com.apple.-0LaunchServicesMigrator (00LaunchServicesMigrator.migrator, user-agnostic)
		Migration Elapsed:00:10 seconds

[2026-08-02 23:18:08 +0000] Status=2, isTerminal=NO, Elapsed=00:15.
	Waiting on Data Migration
		Reason:Running plugin com.apple.-0LaunchServicesMigrator (00LaunchServicesMigrator.migrator, user-agnostic)
		Migration Elapsed:00:11 seconds

[2026-08-02 23:18:09 +0000] Status=2, isTerminal=NO, Elapsed=00:16.
	Waiting on Data Migration
		Reason:Running plugin com.apple.-0LaunchServicesMigrator (00LaunchServicesMigrator.migrator, user-agnostic)
		Migration Elapsed:00:12 seconds

[2026-08-02 23:18:10 +0000] Status=2, isTerminal=NO, Elapsed=00:17.
	Waiting on Data Migration
		Reason:Running plugin com.apple.-0LaunchServicesMigrator (00LaunchServicesMigrator.migrator, user-agnostic)
		Migration Elapsed:00:14 seconds

[2026-08-02 23:18:11 +0000] Status=2, isTerminal=NO, Elapsed=00:18.
	Waiting on Data Migration
		Reason:Running plugin com.apple.-0LaunchServicesMigrator (00LaunchServicesMigrator.migrator, user-agnostic)
		Migration Elapsed:00:14 seconds

[2026-08-02 23:18:12 +0000] Status=2, isTerminal=NO, Elapsed=00:19.
	Waiting on Data Migration
		Reason:Running plugin com.apple.-0LaunchServicesMigrator (00LaunchServicesMigrator.migrator, user-agnostic)
		Migration Elapsed:00:16 seconds

[2026-08-02 23:18:13 +0000] Status=2, isTerminal=NO, Elapsed=00:20.
	Waiting on Data Migration
		Reason:Running plugin com.apple.-0LaunchServicesMigrator (00LaunchServicesMigrator.migrator, user-agnostic)
		Migration Elapsed:00:16 seconds

[2026-08-02 23:18:17 +0000] Status=2, isTerminal=NO, Elapsed=00:23.
	Waiting on Data Migration
		Reason:Running plugin com.apple.WebBookmarks.migrator (WebBookmarks.migrator)
		Migration Elapsed:00:18 seconds

[2026-08-02 23:18:21 +0000] Status=4294967295, isTerminal=YES, Elapsed=00:27.
	Finished

+ xcrun simctl status_bar 087AF5AE-046A-47BC-9A3A-3939EE1FE321 override --time 9:41 --dataNetwork wifi --wifiMode active --wifiBars 3 --cellularMode active --cellularBars 4 --batteryState charged --batteryLevel 100
+ xcrun simctl install 087AF5AE-046A-47BC-9A3A-3939EE1FE321 app/Vela.app
+ npm install -g appium@latest

added 296 packages in 11s

68 packages are looking for funding
  run `npm fund` for details
+ appium driver install xcuitest
- Checking if 'appium-xcuitest-driver' is compatible
✔ Checking if 'appium-xcuitest-driver' is compatible
- Installing 'xcuitest'
✔ Installing 'xcuitest'
- Validating 'xcuitest'
✔ Validating 'xcuitest'
ℹ Driver xcuitest@12.1.4 successfully installed
- automationName: XCUITest
- platformNames: ["iOS","tvOS"]
+ cd e2e
+ npm install
npm warn deprecated whatwg-encoding@3.1.1: Use @exodus/bytes instead for a more spec-conformant and faster implementation
npm warn deprecated glob@10.5.0: Old versions of glob are not supported, and contain widely publicized security vulnerabilities, which have been fixed in the current version. Please update. Support for old versions may be purchased (at exorbitant rates) by contacting i@izs.me

added 247 packages, and audited 248 packages in 6s

59 packages are looking for funding
  run `npm fund` for details

found 0 vulnerabilities
+ appium --port 4723 --base-path /
++ seq 1 30
+ for i in '$(seq 1 30)'
+ curl -s http://127.0.0.1:4723/status
+ sleep 2
+ for i in '$(seq 1 30)'
+ curl -s http://127.0.0.1:4723/status
{"value":{"ready":true,"message":"The server is ready to accept new connections","build":{"version":"3.6.0"}}}+ break
+ cd e2e
+ UDID=087AF5AE-046A-47BC-9A3A-3939EE1FE321
+ BUNDLE_ID=app.vela.manifest
+ SHOTS_DIR=../shots
+ node walkthrough.mjs
2026-08-02T23:21:33.654Z ERROR webdriver: Error: WebDriverError: Request failed with error code UND_ERR_HEADERS_TIMEOUT when running "http://127.0.0.1:4723/session" with method "POST"
    at FetchRequest._libRequest (file:///Users/runner/work/vela/vela/e2e/node_modules/webdriver/build/node.js:2191:13)
    at async FetchRequest._request (file:///Users/runner/work/vela/vela/e2e/node_modules/webdriver/build/node.js:2217:20)
    at async startWebDriverSession (file:///Users/runner/work/vela/vela/e2e/node_modules/webdriver/build/node.js:1357:16)
    at async _WebDriver.newSession (file:///Users/runner/work/vela/vela/e2e/node_modules/webdriver/build/node.js:1779:41)
    at async remote (file:///Users/runner/work/vela/vela/e2e/node_modules/webdriverio/build/node.js:10179:20)
    at async connect (file:///Users/runner/work/vela/vela/e2e/walkthrough.mjs:82:14)
    at async main (file:///Users/runner/work/vela/vela/e2e/walkthrough.mjs:104:18)
[e2e] session attempt 1/4 failed: WebDriverError: Request failed with error code UND_ERR_HEADERS_TIMEOUT when running "http://127.0.0.1:4723/session" with method "POST"
2026-08-02T23:24:21.424Z ERROR webdriver: Error: WebDriverError: The operation was aborted due to timeout when running "http://127.0.0.1:4723/session" with method "POST"
    at FetchRequest._libRequest (file:///Users/runner/work/vela/vela/e2e/node_modules/webdriver/build/node.js:2191:13)
    at process.processTicksAndRejections (node:internal/process/task_queues:95:5)
    at async FetchRequest._request (file:///Users/runner/work/vela/vela/e2e/node_modules/webdriver/build/node.js:2217:20)
    at async startWebDriverSession (file:///Users/runner/work/vela/vela/e2e/node_modules/webdriver/build/node.js:1357:16)
    at async _WebDriver.newSession (file:///Users/runner/work/vela/vela/e2e/node_modules/webdriver/build/node.js:1779:41)
    at async remote (file:///Users/runner/work/vela/vela/e2e/node_modules/webdriverio/build/node.js:10179:20)
    at async connect (file:///Users/runner/work/vela/vela/e2e/walkthrough.mjs:82:14)
    at async main (file:///Users/runner/work/vela/vela/e2e/walkthrough.mjs:104:18)
[e2e] session attempt 2/4 failed: WebDriverError: The operation was aborted due to timeout when running "http://127.0.0.1:4723/session" with method "POST"
2026-08-02T23:27:08.354Z ERROR webdriver: Error: WebDriverError: The operation was aborted due to timeout when running "http://127.0.0.1:4723/session" with method "POST"
    at FetchRequest._libRequest (file:///Users/runner/work/vela/vela/e2e/node_modules/webdriver/build/node.js:2191:13)
    at processTicksAndRejections (node:internal/process/task_queues:95:5)
    at runNextTicks (node:internal/process/task_queues:64:3)
    at process.processTimers (node:internal/timers:516:9)
    at async FetchRequest._request (file:///Users/runner/work/vela/vela/e2e/node_modules/webdriver/build/node.js:2217:20)
    at async startWebDriverSession (file:///Users/runner/work/vela/vela/e2e/node_modules/webdriver/build/node.js:1357:16)
    at async _WebDriver.newSession (file:///Users/runner/work/vela/vela/e2e/node_modules/webdriver/build/node.js:1779:41)
    at async remote (file:///Users/runner/work/vela/vela/e2e/node_modules/webdriverio/build/node.js:10179:20)
    at async connect (file:///Users/runner/work/vela/vela/e2e/walkthrough.mjs:82:14)
    at async main (file:///Users/runner/work/vela/vela/e2e/walkthrough.mjs:104:18)
[e2e] session attempt 3/4 failed: WebDriverError: The operation was aborted due to timeout when running "http://127.0.0.1:4723/session" with method "POST"
[e2e] shot ../shots/01-welcome.png
[e2e] WELCOME RESULT: PASS — welcome beat renders
[e2e] tapped Begin
[e2e] tapped Love
[e2e] tapped Abundance
[e2e] shot ../shots/02-focus-areas.png
[e2e] tapped Continue focus
[e2e] tapped mood
[e2e] tapped Continue mood
[e2e] typed name
[e2e] tapped Continue name
[e2e] tapped Evening
[e2e] tapped Continue ritual
[e2e] shot ../shots/03-practice-primer.png
[e2e] ONBOARDING RESULT: PASS — reached primer
[e2e] tapped Write my first story
[e2e] INTAKE RESULT: PASS — onboarding lands in intake
[e2e] typed desire
[e2e] tapped feeling
[e2e] shot ../shots/04-intake.png
[e2e] tapped Step inside
[e2e] shot ../shots/05-story-reveal.png
[e2e] STORY RESULT: PASS — story rendered with listen CTA
[e2e] shot ../shots/06-story-full.png
[e2e] tapped back to app
[e2e] STREAK RESULT: PASS — streak chip after first story
[e2e] shot ../shots/07-today.png
[e2e] tapped Affirmation card
[e2e] shot ../shots/08-affirmation.png
[e2e] tapped carry
[e2e] AFFIRMATION RESULT: PASS — daily affirmation carried
[e2e] tapped close affirmation
[e2e] tap-failed 369 door element ("~door-369") still not existing after 8000ms
[e2e] tapped script card
[e2e] tapped 369 door
[e2e] typed phrase
[e2e] tapped begin practice
[e2e] tapped write rep 1
[e2e] tapped write rep 2
[e2e] shot ../shots/09-method369.png
[e2e] M369 RESULT: PASS — 369 sheet with reps
[e2e] tapped close 369
[e2e] tapped Today tab
[e2e] tapped story hero (gated)
[e2e] PAYWALL-GATE RESULT: PASS — second intent gated to paywall
[e2e] shot ../shots/10-paywall.png
[e2e] FREE-PROMISE RESULT: PASS — free promise leads the paywall
[e2e] tapped close paywall
[e2e] SUMMARY: 9/9 checks passed
[e2e] walkthrough complete
+ tail -n 60 appium.log
[38;5;56m[93d45397][0m[38;5;36m[XCUITestDriver@a013][0m Waiting up to 0 ms for condition
[38;5;56m[93d45397][0m[38;5;36m[XCUITestDriver@a013][0m Matched '/element' to command name 'findElement'
[38;5;56m[93d45397][0m[38;5;36m[XCUITestDriver@a013][0m Proxying [POST /element] to [POST http://127.0.0.1:8100/session/24F766AB-7F08-4E16-B1EA-8386FA3D2C37/element] with body: {"using":"accessibility id","value":"paywall-free-promise"}
[38;5;56m[93d45397][0m[38;5;36m[XCUITestDriver@a013][0m Got response with status 200: {"value":{"ELEMENT":"16010000-0000-0000-A963-000000000000","element-6066-11e4-a52e-4f735466cecf":"16010000-0000-0000-A963-000000000000"},"sessionId":"24F766AB-7F08-4E16-B1EA-8386FA3D2C37"}
[38;5;56m[93d45397][0m[38;5;36m[XCUITestDriver@a013][0m Responding to client with driver.findElement() result: {"element-6066-11e4-a52e-4f735466cecf":"16010000-0000-0000-A963-000000000000","ELEMENT":"16010000-0000-0000-A963-000000000000"}
[38;5;56m[93d45397][0m[38;5;86m[HTTP][0m <-- POST /session/93d45397-6dda-4488-b693-13d919e8eb80/element 200 75 ms - 137
[38;5;56m[93d45397][0m[38;5;86m[HTTP][0m --> POST /session/93d45397-6dda-4488-b693-13d919e8eb80/elements {"using":"accessibility id","value":"paywall-free-promise"}
[38;5;56m[93d45397][0m[38;5;36m[XCUITestDriver@a013][0m Calling AppiumDriver.findElements() with args: ["accessibility id","paywall-free-promise","93d45397-6dda-4488-b693-13d919e8eb80"]
[38;5;56m[93d45397][0m[38;5;36m[XCUITestDriver@a013][0m Executing command 'findElements'
[38;5;56m[93d45397][0m[38;5;36m[XCUITestDriver@a013][0m Valid locator strategies for this request: xpath, id, name, class name, -ios predicate string, -ios class chain, accessibility id, css selector
[38;5;56m[93d45397][0m[38;5;36m[XCUITestDriver@a013][0m Waiting up to 0 ms for condition
[38;5;56m[93d45397][0m[38;5;36m[XCUITestDriver@a013][0m Matched '/elements' to command name 'findElements'
[38;5;56m[93d45397][0m[38;5;36m[XCUITestDriver@a013][0m Proxying [POST /elements] to [POST http://127.0.0.1:8100/session/24F766AB-7F08-4E16-B1EA-8386FA3D2C37/elements] with body: {"using":"accessibility id","value":"paywall-free-promise"}
[38;5;56m[93d45397][0m[38;5;36m[XCUITestDriver@a013][0m Got response with status 200: {"value":[{"ELEMENT":"16010000-0000-0000-A963-000000000000","element-6066-11e4-a52e-4f735466cecf":"16010000-0000-0000-A963-000000000000"}],"sessionId":"24F766AB-7F08-4E16-B1EA-8386FA3D2C37"}
[38;5;56m[93d45397][0m[38;5;36m[XCUITestDriver@a013][0m Responding to client with driver.findElements() result: [{"element-6066-11e4-a52e-4f735466cecf":"16010000-0000-0000-A963-000000000000","ELEMENT":"16010000-0000-0000-A963-000000000000"}]
[38;5;56m[93d45397][0m[38;5;86m[HTTP][0m <-- POST /session/93d45397-6dda-4488-b693-13d919e8eb80/elements 200 96 ms - 139
[38;5;56m[93d45397][0m[38;5;86m[HTTP][0m --> GET /session/93d45397-6dda-4488-b693-13d919e8eb80/element/16010000-0000-0000-A963-000000000000/name 
[38;5;56m[93d45397][0m[38;5;36m[XCUITestDriver@a013][0m Driver proxy active, passing request on via HTTP proxy
[38;5;56m[93d45397][0m[38;5;36m[XCUITestDriver@a013][0m Executing command 'proxyReqRes'
[38;5;56m[93d45397][0m[38;5;36m[XCUITestDriver@a013][0m Matched '/session/93d45397-6dda-4488-b693-13d919e8eb80/element/16010000-0000-0000-A963-000000000000/name' to command name 'getName'
[38;5;56m[93d45397][0m[38;5;36m[XCUITestDriver@a013][0m Proxying [GET /session/93d45397-6dda-4488-b693-13d919e8eb80/element/16010000-0000-0000-A963-000000000000/name] to [GET http://127.0.0.1:8100/session/24F766AB-7F08-4E16-B1EA-8386FA3D2C37/element/16010000-0000-0000-A963-000000000000/name] with no body
[38;5;56m[93d45397][0m[38;5;36m[XCUITestDriver@a013][0m Got response with status 200: {"value":"XCUIElementTypeOther","sessionId":"24F766AB-7F08-4E16-B1EA-8386FA3D2C37"}
[38;5;56m[93d45397][0m[38;5;36m[XCUITestDriver@a013][0m Replacing sessionId 24F766AB-7F08-4E16-B1EA-8386FA3D2C37 with 93d45397-6dda-4488-b693-13d919e8eb80
[38;5;56m[93d45397][0m[38;5;86m[HTTP][0m <-- GET /session/93d45397-6dda-4488-b693-13d919e8eb80/element/16010000-0000-0000-A963-000000000000/name 200 40 ms - 32
[38;5;56m[93d45397][0m[38;5;86m[HTTP][0m --> POST /session/93d45397-6dda-4488-b693-13d919e8eb80/element {"using":"accessibility id","value":"paywall-close"}
[38;5;56m[93d45397][0m[38;5;36m[XCUITestDriver@a013][0m Calling AppiumDriver.findElement() with args: ["accessibility id","paywall-close","93d45397-6dda-4488-b693-13d919e8eb80"]
[38;5;56m[93d45397][0m[38;5;36m[XCUITestDriver@a013][0m Executing command 'findElement'
[38;5;56m[93d45397][0m[38;5;36m[XCUITestDriver@a013][0m Valid locator strategies for this request: xpath, id, name, class name, -ios predicate string, -ios class chain, accessibility id, css selector
[38;5;56m[93d45397][0m[38;5;36m[XCUITestDriver@a013][0m Waiting up to 0 ms for condition
[38;5;56m[93d45397][0m[38;5;36m[XCUITestDriver@a013][0m Matched '/element' to command name 'findElement'
[38;5;56m[93d45397][0m[38;5;36m[XCUITestDriver@a013][0m Proxying [POST /element] to [POST http://127.0.0.1:8100/session/24F766AB-7F08-4E16-B1EA-8386FA3D2C37/element] with body: {"using":"accessibility id","value":"paywall-close"}
[38;5;56m[93d45397][0m[38;5;36m[XCUITestDriver@a013][0m Got response with status 200: {"value":{"ELEMENT":"14010000-0000-0000-A963-000000000000","element-6066-11e4-a52e-4f735466cecf":"14010000-0000-0000-A963-000000000000"},"sessionId":"24F766AB-7F08-4E16-B1EA-8386FA3D2C37"}
[38;5;56m[93d45397][0m[38;5;36m[XCUITestDriver@a013][0m Responding to client with driver.findElement() result: {"element-6066-11e4-a52e-4f735466cecf":"14010000-0000-0000-A963-000000000000","ELEMENT":"14010000-0000-0000-A963-000000000000"}
[38;5;56m[93d45397][0m[38;5;86m[HTTP][0m <-- POST /session/93d45397-6dda-4488-b693-13d919e8eb80/element 200 92 ms - 137
[38;5;56m[93d45397][0m[38;5;86m[HTTP][0m --> POST /session/93d45397-6dda-4488-b693-13d919e8eb80/elements {"using":"accessibility id","value":"paywall-close"}
[38;5;56m[93d45397][0m[38;5;36m[XCUITestDriver@a013][0m Calling AppiumDriver.findElements() with args: ["accessibility id","paywall-close","93d45397-6dda-4488-b693-13d919e8eb80"]
[38;5;56m[93d45397][0m[38;5;36m[XCUITestDriver@a013][0m Executing command 'findElements'
[38;5;56m[93d45397][0m[38;5;36m[XCUITestDriver@a013][0m Valid locator strategies for this request: xpath, id, name, class name, -ios predicate string, -ios class chain, accessibility id, css selector
[38;5;56m[93d45397][0m[38;5;36m[XCUITestDriver@a013][0m Waiting up to 0 ms for condition
[38;5;56m[93d45397][0m[38;5;36m[XCUITestDriver@a013][0m Matched '/elements' to command name 'findElements'
[38;5;56m[93d45397][0m[38;5;36m[XCUITestDriver@a013][0m Proxying [POST /elements] to [POST http://127.0.0.1:8100/session/24F766AB-7F08-4E16-B1EA-8386FA3D2C37/elements] with body: {"using":"accessibility id","value":"paywall-close"}
[38;5;56m[93d45397][0m[38;5;36m[XCUITestDriver@a013][0m Got response with status 200: {"value":[{"ELEMENT":"14010000-0000-0000-A963-000000000000","element-6066-11e4-a52e-4f735466cecf":"14010000-0000-0000-A963-000000000000"}],"sessionId":"24F766AB-7F08-4E16-B1EA-8386FA3D2C37"}
[38;5;56m[93d45397][0m[38;5;36m[XCUITestDriver@a013][0m Responding to client with driver.findElements() result: [{"element-6066-11e4-a52e-4f735466cecf":"14010000-0000-0000-A963-000000000000","ELEMENT":"14010000-0000-0000-A963-000000000000"}]
[38;5;56m[93d45397][0m[38;5;86m[HTTP][0m <-- POST /session/93d45397-6dda-4488-b693-13d919e8eb80/elements 200 92 ms - 139
[38;5;56m[93d45397][0m[38;5;86m[HTTP][0m --> GET /session/93d45397-6dda-4488-b693-13d919e8eb80/element/14010000-0000-0000-A963-000000000000/name 
[38;5;56m[93d45397][0m[38;5;36m[XCUITestDriver@a013][0m Driver proxy active, passing request on via HTTP proxy
[38;5;56m[93d45397][0m[38;5;36m[XCUITestDriver@a013][0m Executing command 'proxyReqRes'
[38;5;56m[93d45397][0m[38;5;36m[XCUITestDriver@a013][0m Matched '/session/93d45397-6dda-4488-b693-13d919e8eb80/element/14010000-0000-0000-A963-000000000000/name' to command name 'getName'
[38;5;56m[93d45397][0m[38;5;36m[XCUITestDriver@a013][0m Proxying [GET /session/93d45397-6dda-4488-b693-13d919e8eb80/element/14010000-0000-0000-A963-000000000000/name] to [GET http://127.0.0.1:8100/session/24F766AB-7F08-4E16-B1EA-8386FA3D2C37/element/14010000-0000-0000-A963-000000000000/name] with no body
[38;5;56m[93d45397][0m[38;5;36m[XCUITestDriver@a013][0m Got response with status 200: {"value":"XCUIElementTypeOther","sessionId":"24F766AB-7F08-4E16-B1EA-8386FA3D2C37"}
[38;5;56m[93d45397][0m[38;5;36m[XCUITestDriver@a013][0m Replacing sessionId 24F766AB-7F08-4E16-B1EA-8386FA3D2C37 with 93d45397-6dda-4488-b693-13d919e8eb80
[38;5;56m[93d45397][0m[38;5;86m[HTTP][0m <-- GET /session/93d45397-6dda-4488-b693-13d919e8eb80/element/14010000-0000-0000-A963-000000000000/name 200 39 ms - 32
[38;5;56m[93d45397][0m[38;5;86m[HTTP][0m --> POST /session/93d45397-6dda-4488-b693-13d919e8eb80/element/14010000-0000-0000-A963-000000000000/click {}
[38;5;56m[93d45397][0m[38;5;36m[XCUITestDriver@a013][0m Driver proxy active, passing request on via HTTP proxy
[38;5;56m[93d45397][0m[38;5;36m[XCUITestDriver@a013][0m Executing command 'proxyReqRes'
[38;5;56m[93d45397][0m[38;5;36m[XCUITestDriver@a013][0m Matched '/session/93d45397-6dda-4488-b693-13d919e8eb80/element/14010000-0000-0000-A963-000000000000/click' to command name 'click'
[38;5;56m[93d45397][0m[38;5;36m[XCUITestDriver@a013][0m Proxying [POST /session/93d45397-6dda-4488-b693-13d919e8eb80/element/14010000-0000-0000-A963-000000000000/click] to [POST http://127.0.0.1:8100/session/24F766AB-7F08-4E16-B1EA-8386FA3D2C37/element/14010000-0000-0000-A963-000000000000/click] with body: {}
[38;5;56m[93d45397][0m[38;5;36m[XCUITestDriver@a013][0m Got response with status 200: {"value":null,"sessionId":"24F766AB-7F08-4E16-B1EA-8386FA3D2C37"}
[38;5;56m[93d45397][0m[38;5;36m[XCUITestDriver@a013][0m Replacing sessionId 24F766AB-7F08-4E16-B1EA-8386FA3D2C37 with 93d45397-6dda-4488-b693-13d919e8eb80
[38;5;56m[93d45397][0m[38;5;86m[HTTP][0m <-- POST /session/93d45397-6dda-4488-b693-13d919e8eb80/element/14010000-0000-0000-A963-000000000000/click 200 680 ms - 14
